rpeaks: 1
			normal: 0
			abnormal: 1
rpeaks: 1
			normal: 0
			abnormal: 1
rpeaks: 0
			normal: 0
			abnormal: 0
rpeaks: 0
			normal: 0
			abnormal: 0
rpeaks: 1
			normal: 0
			abnormal: 0
rpeaks: 1
			normal: 0
			abnormal: 1
rpeaks: 1
			normal: 0
			abnormal: 1
rpeaks: 0
			normal: 0
			abnormal: 0
rpeaks: 0
			normal: 0
			abnormal: 0
rpeaks: 1
			normal: 0
			abnormal: 0
rpeaks: 1
			normal: 0
			abnormal: 1
rpeaks: 1
			normal: 0
			abnormal: 1
rpeaks: 0
			normal: 0
			abnormal: 0
rpeaks: 0
			normal: 0
			abnormal: 0
rpeaks: 1
			normal: 0
			abnormal: 0
rpeaks: 1
			normal: 0
			abnormal: 1
rpeaks: 1
			normal: 0
			abnormal: 1
rpeaks: 0
			normal: 0
			abnormal: 0
rpeaks: 0
			normal: 0
			abnormal: 0
rpeaks: 1
			normal: 0
			abnormal: 1
